[0.113s] DEBUG:colcon:Command line arguments: ['/usr/bin/colcon', 'build']
[0.113s] DEBUG:colcon:Parsed command line arguments: Namespace(log_base=None, log_level=None, verb_name='build', build_base='build', install_base='install', merge_install=False, symlink_install=False, test_result_base=None, continue_on_error=False, executor='parallel', parallel_workers=16, event_handlers=None, ignore_user_meta=False, metas=['./colcon.meta'], base_paths=['.'], packages_ignore=None, packages_ignore_regex=None, paths=None, packages_up_to=None, packages_up_to_regex=None, packages_above=None, packages_above_and_dependencies=None, packages_above_depth=None, packages_select_by_dep=None, packages_skip_by_dep=None, packages_skip_up_to=None, packages_select_build_failed=False, packages_skip_build_finished=False, packages_select_test_failures=False, packages_skip_test_passed=False, packages_select=None, packages_skip=None, packages_select_regex=None, packages_skip_regex=None, packages_start=None, packages_end=None, allow_overriding=[], cmake_args=None, cmake_target=None, cmake_target_skip_unavailable=False, cmake_clean_cache=False, cmake_clean_first=False, cmake_force_configure=False, ament_cmake_args=None, catkin_cmake_args=None, catkin_skip_building_tests=False, mixin_files=None, mixin=None, verb_parser=<colcon_mixin.mixin.mixin_argument.MixinArgumentDecorator object at 0x7d94d5912140>, verb_extension=<colcon_core.verb.build.BuildVerb object at 0x7d94d59353f0>, main=<bound method BuildVerb.main of <colcon_core.verb.build.BuildVerb object at 0x7d94d59353f0>>, mixin_verb=('build',))
[0.238s] Level 1:colcon.colcon_core.package_discovery:discover_packages(colcon_meta) check parameters
[0.238s] Level 1:colcon.colcon_core.package_discovery:discover_packages(recursive) check parameters
[0.238s] Level 1:colcon.colcon_core.package_discovery:discover_packages(ignore) check parameters
[0.238s] Level 1:colcon.colcon_core.package_discovery:discover_packages(path) check parameters
[0.238s] Level 1:colcon.colcon_core.package_discovery:discover_packages(colcon_meta) discover
[0.238s] Level 1:colcon.colcon_core.package_discovery:discover_packages(recursive) discover
[0.238s] INFO:colcon.colcon_core.package_discovery:Crawling recursively for packages in '/home/a/ros2_ws'
[0.238s] Level 1:colcon.colcon_core.package_identification:_identify(.) by extensions ['ignore', 'ignore_ament_install']
[0.238s] Level 1:colcon.colcon_core.package_identification:_identify(.) by extension 'ignore'
[0.238s] Level 1:colcon.colcon_core.package_identification:_identify(.) by extension 'ignore_ament_install'
[0.238s] Level 1:colcon.colcon_core.package_identification:_identify(.) by extensions ['colcon_pkg']
[0.238s] Level 1:colcon.colcon_core.package_identification:_identify(.) by extension 'colcon_pkg'
[0.238s] Level 1:colcon.colcon_core.package_identification:_identify(.) by extensions ['colcon_meta']
[0.238s] Level 1:colcon.colcon_core.package_identification:_identify(.) by extension 'colcon_meta'
[0.238s] Level 1:colcon.colcon_core.package_identification:_identify(.) by extensions ['ros']
[0.238s] Level 1:colcon.colcon_core.package_identification:_identify(.) by extension 'ros'
[0.246s] Level 1:colcon.colcon_core.package_identification:_identify(.) by extensions ['cmake', 'python']
[0.246s] Level 1:colcon.colcon_core.package_identification:_identify(.) by extension 'cmake'
[0.246s] Level 1:colcon.colcon_core.package_identification:_identify(.) by extension 'python'
[0.246s] Level 1:colcon.colcon_core.package_identification:_identify(.) by extensions ['python_setup_py']
[0.246s] Level 1:colcon.colcon_core.package_identification:_identify(.) by extension 'python_setup_py'
[0.246s] Level 1:colcon.colcon_core.package_identification:_identify(build) by extensions ['ignore', 'ignore_ament_install']
[0.246s] Level 1:colcon.colcon_core.package_identification:_identify(build) by extension 'ignore'
[0.246s] Level 1:colcon.colcon_core.package_identification:_identify(build) ignored
[0.246s] Level 1:colcon.colcon_core.package_identification:_identify(install) by extensions ['ignore', 'ignore_ament_install']
[0.246s] Level 1:colcon.colcon_core.package_identification:_identify(install) by extension 'ignore'
[0.246s] Level 1:colcon.colcon_core.package_identification:_identify(install) ignored
[0.246s] Level 1:colcon.colcon_core.package_identification:_identify(log) by extensions ['ignore', 'ignore_ament_install']
[0.246s] Level 1:colcon.colcon_core.package_identification:_identify(log) by extension 'ignore'
[0.246s] Level 1:colcon.colcon_core.package_identification:_identify(log) ignored
[0.246s] Level 1:colcon.colcon_core.package_identification:_identify(src) by extensions ['ignore', 'ignore_ament_install']
[0.247s] Level 1:colcon.colcon_core.package_identification:_identify(src) by extension 'ignore'
[0.247s] Level 1:colcon.colcon_core.package_identification:_identify(src) by extension 'ignore_ament_install'
[0.247s] Level 1:colcon.colcon_core.package_identification:_identify(src) by extensions ['colcon_pkg']
[0.247s] Level 1:colcon.colcon_core.package_identification:_identify(src) by extension 'colcon_pkg'
[0.247s] Level 1:colcon.colcon_core.package_identification:_identify(src) by extensions ['colcon_meta']
[0.247s] Level 1:colcon.colcon_core.package_identification:_identify(src) by extension 'colcon_meta'
[0.247s] Level 1:colcon.colcon_core.package_identification:_identify(src) by extensions ['ros']
[0.247s] Level 1:colcon.colcon_core.package_identification:_identify(src) by extension 'ros'
[0.247s] Level 1:colcon.colcon_core.package_identification:_identify(src) by extensions ['cmake', 'python']
[0.247s] Level 1:colcon.colcon_core.package_identification:_identify(src) by extension 'cmake'
[0.247s] Level 1:colcon.colcon_core.package_identification:_identify(src) by extension 'python'
[0.247s] Level 1:colcon.colcon_core.package_identification:_identify(src) by extensions ['python_setup_py']
[0.247s] Level 1:colcon.colcon_core.package_identification:_identify(src) by extension 'python_setup_py'
[0.247s] Level 1:colcon.colcon_core.package_identification:_identify(src/capstone_vision) by extensions ['ignore', 'ignore_ament_install']
[0.247s] Level 1:colcon.colcon_core.package_identification:_identify(src/capstone_vision) by extension 'ignore'
[0.247s] Level 1:colcon.colcon_core.package_identification:_identify(src/capstone_vision) by extension 'ignore_ament_install'
[0.247s] Level 1:colcon.colcon_core.package_identification:_identify(src/capstone_vision) by extensions ['colcon_pkg']
[0.247s] Level 1:colcon.colcon_core.package_identification:_identify(src/capstone_vision) by extension 'colcon_pkg'
[0.247s] Level 1:colcon.colcon_core.package_identification:_identify(src/capstone_vision) by extensions ['colcon_meta']
[0.247s] Level 1:colcon.colcon_core.package_identification:_identify(src/capstone_vision) by extension 'colcon_meta'
[0.247s] Level 1:colcon.colcon_core.package_identification:_identify(src/capstone_vision) by extensions ['ros']
[0.247s] Level 1:colcon.colcon_core.package_identification:_identify(src/capstone_vision) by extension 'ros'
[0.255s] DEBUG:colcon.colcon_core.package_identification:Package 'src/capstone_vision' with type 'ros.ament_cmake' and name 'capstone_vision'
[0.255s] Level 1:colcon.colcon_core.package_discovery:discover_packages(recursive) using defaults
[0.255s] Level 1:colcon.colcon_core.package_discovery:discover_packages(ignore) discover
[0.255s] Level 1:colcon.colcon_core.package_discovery:discover_packages(ignore) using defaults
[0.255s] Level 1:colcon.colcon_core.package_discovery:discover_packages(path) discover
[0.255s] Level 1:colcon.colcon_core.package_discovery:discover_packages(path) using defaults
[0.270s] Level 1:colcon.colcon_core.package_discovery:discover_packages(prefix_path) check parameters
[0.270s] Level 1:colcon.colcon_core.package_discovery:discover_packages(prefix_path) discover
[0.272s] DEBUG:colcon.colcon_installed_package_information.package_discovery:Found 1 installed packages in /home/a/ros2_ws/install
[0.272s] DEBUG:colcon.colcon_installed_package_information.package_discovery:Found 272 installed packages in /opt/ros/humble
[0.273s] Level 1:colcon.colcon_core.package_discovery:discover_packages(prefix_path) using defaults
[0.296s] Level 5:colcon.colcon_core.verb:set package 'capstone_vision' build argument 'cmake_args' from command line to 'None'
[0.296s] Level 5:colcon.colcon_core.verb:set package 'capstone_vision' build argument 'cmake_target' from command line to 'None'
[0.296s] Level 5:colcon.colcon_core.verb:set package 'capstone_vision' build argument 'cmake_target_skip_unavailable' from command line to 'False'
[0.296s] Level 5:colcon.colcon_core.verb:set package 'capstone_vision' build argument 'cmake_clean_cache' from command line to 'False'
[0.296s] Level 5:colcon.colcon_core.verb:set package 'capstone_vision' build argument 'cmake_clean_first' from command line to 'False'
[0.296s] Level 5:colcon.colcon_core.verb:set package 'capstone_vision' build argument 'cmake_force_configure' from command line to 'False'
[0.296s] Level 5:colcon.colcon_core.verb:set package 'capstone_vision' build argument 'ament_cmake_args' from command line to 'None'
[0.296s] Level 5:colcon.colcon_core.verb:set package 'capstone_vision' build argument 'catkin_cmake_args' from command line to 'None'
[0.296s] Level 5:colcon.colcon_core.verb:set package 'capstone_vision' build argument 'catkin_skip_building_tests' from command line to 'False'
[0.296s] DEBUG:colcon.colcon_core.verb:Building package 'capstone_vision' with the following arguments: {'ament_cmake_args': None, 'build_base': '/home/a/ros2_ws/build/capstone_vision', 'catkin_cmake_args': None, 'catkin_skip_building_tests': False, 'cmake_args': None, 'cmake_clean_cache': False, 'cmake_clean_first': False, 'cmake_force_configure': False, 'cmake_target': None, 'cmake_target_skip_unavailable': False, 'install_base': '/home/a/ros2_ws/install/capstone_vision', 'merge_install': False, 'path': '/home/a/ros2_ws/src/capstone_vision', 'symlink_install': False, 'test_result_base': None}
[0.297s] INFO:colcon.colcon_core.executor:Executing jobs using 'parallel' executor
[0.297s] DEBUG:colcon.colcon_parallel_executor.executor.parallel:run_until_complete
[0.298s] INFO:colcon.colcon_ros.task.ament_cmake.build:Building ROS package in '/home/a/ros2_ws/src/capstone_vision' with build type 'ament_cmake'
[0.298s] INFO:colcon.colcon_cmake.task.cmake.build:Building CMake package in '/home/a/ros2_ws/src/capstone_vision'
[0.301s] INFO:colcon.colcon_core.plugin_system:Skipping extension 'colcon_core.shell.bat': Not used on non-Windows systems
[0.301s] INFO:colcon.colcon_core.shell:Skip shell extension 'powershell' for command environment: Not usable outside of PowerShell
[0.301s] DEBUG:colcon.colcon_core.shell:Skip shell extension 'dsv' for command environment
[0.302s] DEBUG:colcon.colcon_core.shell:Ignoring prefix path '/opt/ros/noetic'
[0.306s] DEBUG:colcon.colcon_core.event_handler.log_command:Invoking command in '/home/a/ros2_ws/build/capstone_vision': CMAKE_PREFIX_PATH=/home/a/ros2_ws/install/capstone_vision:/opt/ros/humble:${CMAKE_PREFIX_PATH} /home/a/cmake-install/bin/cmake /home/a/ros2_ws/src/capstone_vision -DCMAKE_INSTALL_PREFIX=/home/a/ros2_ws/install/capstone_vision
[1.508s] DEBUG:colcon.colcon_core.event_handler.log_command:Invoked command in '/home/a/ros2_ws/build/capstone_vision' returned '0': CMAKE_PREFIX_PATH=/home/a/ros2_ws/install/capstone_vision:/opt/ros/humble:${CMAKE_PREFIX_PATH} /home/a/cmake-install/bin/cmake /home/a/ros2_ws/src/capstone_vision -DCMAKE_INSTALL_PREFIX=/home/a/ros2_ws/install/capstone_vision
[1.508s] DEBUG:colcon.colcon_core.event_handler.log_command:Invoking command in '/home/a/ros2_ws/build/capstone_vision': CMAKE_PREFIX_PATH=/home/a/ros2_ws/install/capstone_vision:/opt/ros/humble:${CMAKE_PREFIX_PATH} /home/a/cmake-install/bin/cmake --build /home/a/ros2_ws/build/capstone_vision -- -j16 -l16
[2.635s] DEBUG:colcon.colcon_core.event_handler.log_command:Invoked command in '/home/a/ros2_ws/build/capstone_vision' returned '0': CMAKE_PREFIX_PATH=/home/a/ros2_ws/install/capstone_vision:/opt/ros/humble:${CMAKE_PREFIX_PATH} /home/a/cmake-install/bin/cmake --build /home/a/ros2_ws/build/capstone_vision -- -j16 -l16
[2.639s] DEBUG:colcon.colcon_core.event_handler.log_command:Invoking command in '/home/a/ros2_ws/build/capstone_vision': CMAKE_PREFIX_PATH=/home/a/ros2_ws/install/capstone_vision:/opt/ros/humble:${CMAKE_PREFIX_PATH} /home/a/cmake-install/bin/cmake --install /home/a/ros2_ws/build/capstone_vision
[2.678s] Level 1:colcon.colcon_core.environment:create_environment_scripts_only(capstone_vision)
[2.679s] DEBUG:colcon.colcon_core.event_handler.log_command:Invoked command in '/home/a/ros2_ws/build/capstone_vision' returned '0': CMAKE_PREFIX_PATH=/home/a/ros2_ws/install/capstone_vision:/opt/ros/humble:${CMAKE_PREFIX_PATH} /home/a/cmake-install/bin/cmake --install /home/a/ros2_ws/build/capstone_vision
[2.681s] Level 1:colcon.colcon_core.environment:checking '/home/a/ros2_ws/install/capstone_vision' for CMake module files
[2.682s] Level 1:colcon.colcon_core.environment:checking '/home/a/ros2_ws/install/capstone_vision' for CMake config files
[2.682s] Level 1:colcon.colcon_core.shell:create_environment_hook('capstone_vision', 'cmake_prefix_path')
[2.682s] INFO:colcon.colcon_core.shell:Creating environment hook '/home/a/ros2_ws/install/capstone_vision/share/capstone_vision/hook/cmake_prefix_path.ps1'
[2.683s] INFO:colcon.colcon_core.shell:Creating environment descriptor '/home/a/ros2_ws/install/capstone_vision/share/capstone_vision/hook/cmake_prefix_path.dsv'
[2.683s] INFO:colcon.colcon_core.shell:Creating environment hook '/home/a/ros2_ws/install/capstone_vision/share/capstone_vision/hook/cmake_prefix_path.sh'
[2.683s] Level 1:colcon.colcon_core.environment:checking '/home/a/ros2_ws/install/capstone_vision/lib'
[2.684s] Level 1:colcon.colcon_core.shell:create_environment_hook('capstone_vision', 'ld_library_path_lib')
[2.684s] INFO:colcon.colcon_core.shell:Creating environment hook '/home/a/ros2_ws/install/capstone_vision/share/capstone_vision/hook/ld_library_path_lib.ps1'
[2.684s] INFO:colcon.colcon_core.shell:Creating environment descriptor '/home/a/ros2_ws/install/capstone_vision/share/capstone_vision/hook/ld_library_path_lib.dsv'
[2.684s] INFO:colcon.colcon_core.shell:Creating environment hook '/home/a/ros2_ws/install/capstone_vision/share/capstone_vision/hook/ld_library_path_lib.sh'
[2.684s] Level 1:colcon.colcon_core.environment:checking '/home/a/ros2_ws/install/capstone_vision/bin'
[2.684s] Level 1:colcon.colcon_core.environment:checking '/home/a/ros2_ws/install/capstone_vision/lib/pkgconfig/capstone_vision.pc'
[2.685s] Level 1:colcon.colcon_core.environment:checking '/home/a/ros2_ws/install/capstone_vision/lib/python3.10/site-packages'
[2.685s] Level 1:colcon.colcon_core.environment:checking '/home/a/ros2_ws/install/capstone_vision/bin'
[2.685s] INFO:colcon.colcon_core.shell:Creating package script '/home/a/ros2_ws/install/capstone_vision/share/capstone_vision/package.ps1'
[2.685s] INFO:colcon.colcon_core.shell:Creating package descriptor '/home/a/ros2_ws/install/capstone_vision/share/capstone_vision/package.dsv'
[2.686s] INFO:colcon.colcon_core.shell:Creating package script '/home/a/ros2_ws/install/capstone_vision/share/capstone_vision/package.sh'
[2.686s] INFO:colcon.colcon_core.shell:Creating package script '/home/a/ros2_ws/install/capstone_vision/share/capstone_vision/package.bash'
[2.687s] INFO:colcon.colcon_core.shell:Creating package script '/home/a/ros2_ws/install/capstone_vision/share/capstone_vision/package.zsh'
[2.687s] Level 1:colcon.colcon_core.environment:create_file_with_runtime_dependencies(/home/a/ros2_ws/install/capstone_vision/share/colcon-core/packages/capstone_vision)
[2.687s] Level 1:colcon.colcon_core.environment:create_environment_scripts_only(capstone_vision)
[2.687s] Level 1:colcon.colcon_core.environment:checking '/home/a/ros2_ws/install/capstone_vision' for CMake module files
[2.688s] Level 1:colcon.colcon_core.environment:checking '/home/a/ros2_ws/install/capstone_vision' for CMake config files
[2.688s] Level 1:colcon.colcon_core.shell:create_environment_hook('capstone_vision', 'cmake_prefix_path')
[2.688s] INFO:colcon.colcon_core.shell:Creating environment hook '/home/a/ros2_ws/install/capstone_vision/share/capstone_vision/hook/cmake_prefix_path.ps1'
[2.688s] INFO:colcon.colcon_core.shell:Creating environment descriptor '/home/a/ros2_ws/install/capstone_vision/share/capstone_vision/hook/cmake_prefix_path.dsv'
[2.689s] INFO:colcon.colcon_core.shell:Creating environment hook '/home/a/ros2_ws/install/capstone_vision/share/capstone_vision/hook/cmake_prefix_path.sh'
[2.689s] Level 1:colcon.colcon_core.environment:checking '/home/a/ros2_ws/install/capstone_vision/lib'
[2.689s] Level 1:colcon.colcon_core.shell:create_environment_hook('capstone_vision', 'ld_library_path_lib')
[2.689s] INFO:colcon.colcon_core.shell:Creating environment hook '/home/a/ros2_ws/install/capstone_vision/share/capstone_vision/hook/ld_library_path_lib.ps1'
[2.689s] INFO:colcon.colcon_core.shell:Creating environment descriptor '/home/a/ros2_ws/install/capstone_vision/share/capstone_vision/hook/ld_library_path_lib.dsv'
[2.689s] INFO:colcon.colcon_core.shell:Creating environment hook '/home/a/ros2_ws/install/capstone_vision/share/capstone_vision/hook/ld_library_path_lib.sh'
[2.690s] Level 1:colcon.colcon_core.environment:checking '/home/a/ros2_ws/install/capstone_vision/bin'
[2.690s] Level 1:colcon.colcon_core.environment:checking '/home/a/ros2_ws/install/capstone_vision/lib/pkgconfig/capstone_vision.pc'
[2.690s] Level 1:colcon.colcon_core.environment:checking '/home/a/ros2_ws/install/capstone_vision/lib/python3.10/site-packages'
[2.690s] Level 1:colcon.colcon_core.environment:checking '/home/a/ros2_ws/install/capstone_vision/bin'
[2.690s] INFO:colcon.colcon_core.shell:Creating package script '/home/a/ros2_ws/install/capstone_vision/share/capstone_vision/package.ps1'
[2.691s] INFO:colcon.colcon_core.shell:Creating package descriptor '/home/a/ros2_ws/install/capstone_vision/share/capstone_vision/package.dsv'
[2.691s] INFO:colcon.colcon_core.shell:Creating package script '/home/a/ros2_ws/install/capstone_vision/share/capstone_vision/package.sh'
[2.691s] INFO:colcon.colcon_core.shell:Creating package script '/home/a/ros2_ws/install/capstone_vision/share/capstone_vision/package.bash'
[2.691s] INFO:colcon.colcon_core.shell:Creating package script '/home/a/ros2_ws/install/capstone_vision/share/capstone_vision/package.zsh'
[2.692s] Level 1:colcon.colcon_core.environment:create_file_with_runtime_dependencies(/home/a/ros2_ws/install/capstone_vision/share/colcon-core/packages/capstone_vision)
[2.692s] DEBUG:colcon.colcon_parallel_executor.executor.parallel:closing loop
[2.692s] DEBUG:colcon.colcon_parallel_executor.executor.parallel:loop closed
[2.692s] DEBUG:colcon.colcon_parallel_executor.executor.parallel:run_until_complete finished with '0'
[2.692s] DEBUG:colcon.colcon_core.event_reactor:joining thread
[2.697s] INFO:colcon.colcon_core.plugin_system:Skipping extension 'colcon_notification.desktop_notification.terminal_notifier': Not used on non-Darwin systems
[2.697s] INFO:colcon.colcon_core.plugin_system:Skipping extension 'colcon_notification.desktop_notification.win32': Not used on non-Windows systems
[2.697s] INFO:colcon.colcon_notification.desktop_notification:Sending desktop notification using 'notify2'
[2.704s] DEBUG:colcon.colcon_core.event_reactor:joined thread
[2.704s] INFO:colcon.colcon_core.shell:Creating prefix script '/home/a/ros2_ws/install/local_setup.ps1'
[2.705s] INFO:colcon.colcon_core.shell:Creating prefix util module '/home/a/ros2_ws/install/_local_setup_util_ps1.py'
[2.705s] INFO:colcon.colcon_core.shell:Creating prefix chain script '/home/a/ros2_ws/install/setup.ps1'
[2.706s] INFO:colcon.colcon_core.shell:Creating prefix script '/home/a/ros2_ws/install/local_setup.sh'
[2.706s] INFO:colcon.colcon_core.shell:Creating prefix util module '/home/a/ros2_ws/install/_local_setup_util_sh.py'
[2.707s] INFO:colcon.colcon_core.shell:Creating prefix chain script '/home/a/ros2_ws/install/setup.sh'
[2.707s] INFO:colcon.colcon_core.shell:Creating prefix script '/home/a/ros2_ws/install/local_setup.bash'
[2.708s] INFO:colcon.colcon_core.shell:Creating prefix chain script '/home/a/ros2_ws/install/setup.bash'
[2.708s] INFO:colcon.colcon_core.shell:Creating prefix script '/home/a/ros2_ws/install/local_setup.zsh'
[2.709s] INFO:colcon.colcon_core.shell:Creating prefix chain script '/home/a/ros2_ws/install/setup.zsh'
