[  3%] Built target capstone_vision__cpp
[ 12%] Built target capstone_vision__rosidl_generator_c
[ 12%] Built target ament_cmake_python_copy_capstone_vision
[ 22%] Built target capstone_vision__rosidl_typesupport_introspection_c
[ 32%] Built target capstone_vision__rosidl_typesupport_c
[ 41%] Built target capstone_vision__rosidl_typesupport_introspection_cpp
[ 51%] Built target capstone_vision__rosidl_typesupport_fastrtps_cpp
[ 61%] Built target capstone_vision__rosidl_typesupport_cpp
[ 70%] Built target capstone_vision__rosidl_typesupport_fastrtps_c
[ 70%] Built target capstone_vision
[ 74%] Built target capstone_vision__py
[ 80%] Built target capstone_vision__rosidl_generator_py
[ 93%] Built target capstone_vision__rosidl_typesupport_introspection_c__pyext
[ 93%] Built target capstone_vision__rosidl_typesupport_fastrtps_c__pyext
[100%] Built target capstone_vision__rosidl_typesupport_c__pyext
running egg_info
writing capstone_vision.egg-info/PKG-INFO
writing dependency_links to capstone_vision.egg-info/dependency_links.txt
writing top-level names to capstone_vision.egg-info/top_level.txt
reading manifest file 'capstone_vision.egg-info/SOURCES.txt'
writing manifest file 'capstone_vision.egg-info/SOURCES.txt'
[100%] Built target ament_cmake_python_build_capstone_vision_egg
-- Install configuration: ""
-- Up-to-date: /home/a/ros2_ws/install/capstone_vision/share/ament_index/resource_index/rosidl_interfaces/capstone_vision
-- Up-to-date: /home/a/ros2_ws/install/capstone_vision/include/capstone_vision/capstone_vision
-- Up-to-date: /home/a/ros2_ws/install/capstone_vision/include/capstone_vision/capstone_vision/msg
-- Up-to-date: /home/a/ros2_ws/install/capstone_vision/include/capstone_vision/capstone_vision/msg/pick_target_world.h
-- Up-to-date: /home/a/ros2_ws/install/capstone_vision/include/capstone_vision/capstone_vision/msg/detail
-- Up-to-date: /home/a/ros2_ws/install/capstone_vision/include/capstone_vision/capstone_vision/msg/detail/pick_target_world__type_support.h
-- Up-to-date: /home/a/ros2_ws/install/capstone_vision/include/capstone_vision/capstone_vision/msg/detail/pick_target_world__struct.h
-- Up-to-date: /home/a/ros2_ws/install/capstone_vision/include/capstone_vision/capstone_vision/msg/detail/pick_target_world__functions.c
-- Up-to-date: /home/a/ros2_ws/install/capstone_vision/include/capstone_vision/capstone_vision/msg/detail/pick_target_world__functions.h
-- Up-to-date: /home/a/ros2_ws/install/capstone_vision/include/capstone_vision/capstone_vision/msg/rosidl_generator_c__visibility_control.h
-- Up-to-date: /home/a/ros2_ws/install/capstone_vision/share/capstone_vision/environment/library_path.sh
-- Up-to-date: /home/a/ros2_ws/install/capstone_vision/share/capstone_vision/environment/library_path.dsv
-- Up-to-date: /home/a/ros2_ws/install/capstone_vision/lib/libcapstone_vision__rosidl_generator_c.so
-- Up-to-date: /home/a/ros2_ws/install/capstone_vision/include/capstone_vision/capstone_vision
-- Up-to-date: /home/a/ros2_ws/install/capstone_vision/include/capstone_vision/capstone_vision/msg
-- Up-to-date: /home/a/ros2_ws/install/capstone_vision/include/capstone_vision/capstone_vision/msg/rosidl_typesupport_fastrtps_c__visibility_control.h
-- Up-to-date: /home/a/ros2_ws/install/capstone_vision/include/capstone_vision/capstone_vision/msg/detail
-- Up-to-date: /home/a/ros2_ws/install/capstone_vision/include/capstone_vision/capstone_vision/msg/detail/pick_target_world__rosidl_typesupport_fastrtps_c.h
-- Up-to-date: /home/a/ros2_ws/install/capstone_vision/lib/libcapstone_vision__rosidl_typesupport_fastrtps_c.so
-- Up-to-date: /home/a/ros2_ws/install/capstone_vision/include/capstone_vision/capstone_vision
-- Up-to-date: /home/a/ros2_ws/install/capstone_vision/include/capstone_vision/capstone_vision/msg
-- Up-to-date: /home/a/ros2_ws/install/capstone_vision/include/capstone_vision/capstone_vision/msg/detail
-- Up-to-date: /home/a/ros2_ws/install/capstone_vision/include/capstone_vision/capstone_vision/msg/detail/pick_target_world__rosidl_typesupport_introspection_c.h
-- Up-to-date: /home/a/ros2_ws/install/capstone_vision/include/capstone_vision/capstone_vision/msg/detail/pick_target_world__type_support.c
-- Up-to-date: /home/a/ros2_ws/install/capstone_vision/include/capstone_vision/capstone_vision/msg/rosidl_typesupport_introspection_c__visibility_control.h
-- Up-to-date: /home/a/ros2_ws/install/capstone_vision/lib/libcapstone_vision__rosidl_typesupport_introspection_c.so
-- Up-to-date: /home/a/ros2_ws/install/capstone_vision/lib/libcapstone_vision__rosidl_typesupport_c.so
-- Up-to-date: /home/a/ros2_ws/install/capstone_vision/include/capstone_vision/capstone_vision
-- Up-to-date: /home/a/ros2_ws/install/capstone_vision/include/capstone_vision/capstone_vision/msg
-- Up-to-date: /home/a/ros2_ws/install/capstone_vision/include/capstone_vision/capstone_vision/msg/pick_target_world.hpp
-- Up-to-date: /home/a/ros2_ws/install/capstone_vision/include/capstone_vision/capstone_vision/msg/rosidl_generator_cpp__visibility_control.hpp
-- Up-to-date: /home/a/ros2_ws/install/capstone_vision/include/capstone_vision/capstone_vision/msg/detail
-- Up-to-date: /home/a/ros2_ws/install/capstone_vision/include/capstone_vision/capstone_vision/msg/detail/pick_target_world__traits.hpp
-- Up-to-date: /home/a/ros2_ws/install/capstone_vision/include/capstone_vision/capstone_vision/msg/detail/pick_target_world__builder.hpp
-- Up-to-date: /home/a/ros2_ws/install/capstone_vision/include/capstone_vision/capstone_vision/msg/detail/pick_target_world__struct.hpp
-- Up-to-date: /home/a/ros2_ws/install/capstone_vision/include/capstone_vision/capstone_vision/msg/detail/pick_target_world__type_support.hpp
-- Up-to-date: /home/a/ros2_ws/install/capstone_vision/include/capstone_vision/capstone_vision
-- Up-to-date: /home/a/ros2_ws/install/capstone_vision/include/capstone_vision/capstone_vision/msg
-- Up-to-date: /home/a/ros2_ws/install/capstone_vision/include/capstone_vision/capstone_vision/msg/detail
-- Up-to-date: /home/a/ros2_ws/install/capstone_vision/include/capstone_vision/capstone_vision/msg/detail/dds_fastrtps
-- Up-to-date: /home/a/ros2_ws/install/capstone_vision/include/capstone_vision/capstone_vision/msg/detail/pick_target_world__rosidl_typesupport_fastrtps_cpp.hpp
-- Up-to-date: /home/a/ros2_ws/install/capstone_vision/include/capstone_vision/capstone_vision/msg/rosidl_typesupport_fastrtps_cpp__visibility_control.h
-- Up-to-date: /home/a/ros2_ws/install/capstone_vision/lib/libcapstone_vision__rosidl_typesupport_fastrtps_cpp.so
-- Up-to-date: /home/a/ros2_ws/install/capstone_vision/include/capstone_vision/capstone_vision
-- Up-to-date: /home/a/ros2_ws/install/capstone_vision/include/capstone_vision/capstone_vision/msg
-- Up-to-date: /home/a/ros2_ws/install/capstone_vision/include/capstone_vision/capstone_vision/msg/detail
-- Up-to-date: /home/a/ros2_ws/install/capstone_vision/include/capstone_vision/capstone_vision/msg/detail/pick_target_world__rosidl_typesupport_introspection_cpp.hpp
-- Up-to-date: /home/a/ros2_ws/install/capstone_vision/include/capstone_vision/capstone_vision/msg/detail/pick_target_world__type_support.cpp
-- Up-to-date: /home/a/ros2_ws/install/capstone_vision/lib/libcapstone_vision__rosidl_typesupport_introspection_cpp.so
-- Up-to-date: /home/a/ros2_ws/install/capstone_vision/lib/libcapstone_vision__rosidl_typesupport_cpp.so
-- Up-to-date: /home/a/ros2_ws/install/capstone_vision/share/capstone_vision/environment/pythonpath.sh
-- Up-to-date: /home/a/ros2_ws/install/capstone_vision/share/capstone_vision/environment/pythonpath.dsv
-- Up-to-date: /home/a/ros2_ws/install/capstone_vision/local/lib/python3.10/dist-packages/capstone_vision-0.0.0-py3.10.egg-info
-- Installing: /home/a/ros2_ws/install/capstone_vision/local/lib/python3.10/dist-packages/capstone_vision-0.0.0-py3.10.egg-info/dependency_links.txt
-- Installing: /home/a/ros2_ws/install/capstone_vision/local/lib/python3.10/dist-packages/capstone_vision-0.0.0-py3.10.egg-info/SOURCES.txt
-- Installing: /home/a/ros2_ws/install/capstone_vision/local/lib/python3.10/dist-packages/capstone_vision-0.0.0-py3.10.egg-info/PKG-INFO
-- Installing: /home/a/ros2_ws/install/capstone_vision/local/lib/python3.10/dist-packages/capstone_vision-0.0.0-py3.10.egg-info/top_level.txt
-- Up-to-date: /home/a/ros2_ws/install/capstone_vision/local/lib/python3.10/dist-packages/capstone_vision
-- Up-to-date: /home/a/ros2_ws/install/capstone_vision/local/lib/python3.10/dist-packages/capstone_vision/msg
-- Up-to-date: /home/a/ros2_ws/install/capstone_vision/local/lib/python3.10/dist-packages/capstone_vision/msg/_pick_target_world.py
-- Up-to-date: /home/a/ros2_ws/install/capstone_vision/local/lib/python3.10/dist-packages/capstone_vision/msg/__init__.py
-- Up-to-date: /home/a/ros2_ws/install/capstone_vision/local/lib/python3.10/dist-packages/capstone_vision/msg/_pick_target_world_s.c
-- Up-to-date: /home/a/ros2_ws/install/capstone_vision/local/lib/python3.10/dist-packages/capstone_vision/_capstone_vision_s.ep.rosidl_typesupport_c.c
-- Up-to-date: /home/a/ros2_ws/install/capstone_vision/local/lib/python3.10/dist-packages/capstone_vision/capstone_vision_s__rosidl_typesupport_fastrtps_c.cpython-310-x86_64-linux-gnu.so
-- Up-to-date: /home/a/ros2_ws/install/capstone_vision/local/lib/python3.10/dist-packages/capstone_vision/capstone_vision_s__rosidl_typesupport_introspection_c.cpython-310-x86_64-linux-gnu.so
-- Up-to-date: /home/a/ros2_ws/install/capstone_vision/local/lib/python3.10/dist-packages/capstone_vision/__init__.py
-- Up-to-date: /home/a/ros2_ws/install/capstone_vision/local/lib/python3.10/dist-packages/capstone_vision/_capstone_vision_s.ep.rosidl_typesupport_introspection_c.c
-- Up-to-date: /home/a/ros2_ws/install/capstone_vision/local/lib/python3.10/dist-packages/capstone_vision/libcapstone_vision__rosidl_generator_py.so
-- Up-to-date: /home/a/ros2_ws/install/capstone_vision/local/lib/python3.10/dist-packages/capstone_vision/_capstone_vision_s.ep.rosidl_typesupport_fastrtps_c.c
-- Up-to-date: /home/a/ros2_ws/install/capstone_vision/local/lib/python3.10/dist-packages/capstone_vision/capstone_vision_s__rosidl_typesupport_c.cpython-310-x86_64-linux-gnu.so
Listing '/home/a/ros2_ws/install/capstone_vision/local/lib/python3.10/dist-packages/capstone_vision'...
Listing '/home/a/ros2_ws/install/capstone_vision/local/lib/python3.10/dist-packages/capstone_vision/msg'...
-- Up-to-date: /home/a/ros2_ws/install/capstone_vision/local/lib/python3.10/dist-packages/capstone_vision/capstone_vision_s__rosidl_typesupport_fastrtps_c.cpython-310-x86_64-linux-gnu.so
-- Up-to-date: /home/a/ros2_ws/install/capstone_vision/local/lib/python3.10/dist-packages/capstone_vision/capstone_vision_s__rosidl_typesupport_introspection_c.cpython-310-x86_64-linux-gnu.so
-- Up-to-date: /home/a/ros2_ws/install/capstone_vision/local/lib/python3.10/dist-packages/capstone_vision/capstone_vision_s__rosidl_typesupport_c.cpython-310-x86_64-linux-gnu.so
-- Up-to-date: /home/a/ros2_ws/install/capstone_vision/lib/libcapstone_vision__rosidl_generator_py.so
-- Up-to-date: /home/a/ros2_ws/install/capstone_vision/share/capstone_vision/msg/PickTargetWorld.idl
-- Up-to-date: /home/a/ros2_ws/install/capstone_vision/share/capstone_vision/msg/PickTargetWorld.msg
-- Installing: /home/a/ros2_ws/install/capstone_vision/lib/capstone_vision/vision_node.py
-- Up-to-date: /home/a/ros2_ws/install/capstone_vision/share/ament_index/resource_index/package_run_dependencies/capstone_vision
-- Up-to-date: /home/a/ros2_ws/install/capstone_vision/share/ament_index/resource_index/parent_prefix_path/capstone_vision
-- Up-to-date: /home/a/ros2_ws/install/capstone_vision/share/capstone_vision/environment/ament_prefix_path.sh
-- Up-to-date: /home/a/ros2_ws/install/capstone_vision/share/capstone_vision/environment/ament_prefix_path.dsv
-- Up-to-date: /home/a/ros2_ws/install/capstone_vision/share/capstone_vision/environment/path.sh
-- Up-to-date: /home/a/ros2_ws/install/capstone_vision/share/capstone_vision/environment/path.dsv
-- Up-to-date: /home/a/ros2_ws/install/capstone_vision/share/capstone_vision/local_setup.bash
-- Up-to-date: /home/a/ros2_ws/install/capstone_vision/share/capstone_vision/local_setup.sh
-- Up-to-date: /home/a/ros2_ws/install/capstone_vision/share/capstone_vision/local_setup.zsh
-- Up-to-date: /home/a/ros2_ws/install/capstone_vision/share/capstone_vision/local_setup.dsv
-- Installing: /home/a/ros2_ws/install/capstone_vision/share/capstone_vision/package.dsv
-- Up-to-date: /home/a/ros2_ws/install/capstone_vision/share/ament_index/resource_index/packages/capstone_vision
-- Up-to-date: /home/a/ros2_ws/install/capstone_vision/share/capstone_vision/cmake/export_capstone_vision__rosidl_generator_cExport.cmake
-- Up-to-date: /home/a/ros2_ws/install/capstone_vision/share/capstone_vision/cmake/export_capstone_vision__rosidl_generator_cExport-noconfig.cmake
-- Up-to-date: /home/a/ros2_ws/install/capstone_vision/share/capstone_vision/cmake/export_capstone_vision__rosidl_typesupport_fastrtps_cExport.cmake
-- Up-to-date: /home/a/ros2_ws/install/capstone_vision/share/capstone_vision/cmake/export_capstone_vision__rosidl_typesupport_fastrtps_cExport-noconfig.cmake
-- Up-to-date: /home/a/ros2_ws/install/capstone_vision/share/capstone_vision/cmake/capstone_vision__rosidl_typesupport_introspection_cExport.cmake
-- Up-to-date: /home/a/ros2_ws/install/capstone_vision/share/capstone_vision/cmake/capstone_vision__rosidl_typesupport_introspection_cExport-noconfig.cmake
-- Up-to-date: /home/a/ros2_ws/install/capstone_vision/share/capstone_vision/cmake/capstone_vision__rosidl_typesupport_cExport.cmake
-- Up-to-date: /home/a/ros2_ws/install/capstone_vision/share/capstone_vision/cmake/capstone_vision__rosidl_typesupport_cExport-noconfig.cmake
-- Up-to-date: /home/a/ros2_ws/install/capstone_vision/share/capstone_vision/cmake/export_capstone_vision__rosidl_generator_cppExport.cmake
-- Up-to-date: /home/a/ros2_ws/install/capstone_vision/share/capstone_vision/cmake/export_capstone_vision__rosidl_typesupport_fastrtps_cppExport.cmake
-- Up-to-date: /home/a/ros2_ws/install/capstone_vision/share/capstone_vision/cmake/export_capstone_vision__rosidl_typesupport_fastrtps_cppExport-noconfig.cmake
-- Up-to-date: /home/a/ros2_ws/install/capstone_vision/share/capstone_vision/cmake/capstone_vision__rosidl_typesupport_introspection_cppExport.cmake
-- Up-to-date: /home/a/ros2_ws/install/capstone_vision/share/capstone_vision/cmake/capstone_vision__rosidl_typesupport_introspection_cppExport-noconfig.cmake
-- Up-to-date: /home/a/ros2_ws/install/capstone_vision/share/capstone_vision/cmake/capstone_vision__rosidl_typesupport_cppExport.cmake
-- Up-to-date: /home/a/ros2_ws/install/capstone_vision/share/capstone_vision/cmake/capstone_vision__rosidl_typesupport_cppExport-noconfig.cmake
-- Up-to-date: /home/a/ros2_ws/install/capstone_vision/share/capstone_vision/cmake/export_capstone_vision__rosidl_generator_pyExport.cmake
-- Up-to-date: /home/a/ros2_ws/install/capstone_vision/share/capstone_vision/cmake/export_capstone_vision__rosidl_generator_pyExport-noconfig.cmake
-- Up-to-date: /home/a/ros2_ws/install/capstone_vision/share/capstone_vision/cmake/rosidl_cmake-extras.cmake
-- Up-to-date: /home/a/ros2_ws/install/capstone_vision/share/capstone_vision/cmake/ament_cmake_export_dependencies-extras.cmake
-- Up-to-date: /home/a/ros2_ws/install/capstone_vision/share/capstone_vision/cmake/ament_cmake_export_include_directories-extras.cmake
-- Up-to-date: /home/a/ros2_ws/install/capstone_vision/share/capstone_vision/cmake/ament_cmake_export_libraries-extras.cmake
-- Up-to-date: /home/a/ros2_ws/install/capstone_vision/share/capstone_vision/cmake/ament_cmake_export_targets-extras.cmake
-- Up-to-date: /home/a/ros2_ws/install/capstone_vision/share/capstone_vision/cmake/rosidl_cmake_export_typesupport_targets-extras.cmake
-- Up-to-date: /home/a/ros2_ws/install/capstone_vision/share/capstone_vision/cmake/rosidl_cmake_export_typesupport_libraries-extras.cmake
-- Up-to-date: /home/a/ros2_ws/install/capstone_vision/share/capstone_vision/cmake/capstone_visionConfig.cmake
-- Up-to-date: /home/a/ros2_ws/install/capstone_vision/share/capstone_vision/cmake/capstone_visionConfig-version.cmake
-- Up-to-date: /home/a/ros2_ws/install/capstone_vision/share/capstone_vision/package.xml
