[0mCMake Deprecation Warning at CMakeLists.txt:1 (cmake_minimum_required):
  Compatibility with CMake < 3.10 will be removed from a future version of
  CMake.

  Update the VERSION argument <min> value.  Or, use the <min>...<max> syntax
  to tell CMake that the project requires at least <min> but has been updated
  to work with policies introduced by <max> or earlier.

[0m
-- Found ament_cmake: 1.3.12 (/opt/ros/humble/share/ament_cmake/cmake)
-- Found rclpy: 3.3.19 (/opt/ros/humble/share/rclpy/cmake)
-- Found rosidl_default_generators: 1.2.0 (/opt/ros/humble/share/rosidl_default_generators/cmake)
-- Using all available rosidl_typesupport_c: rosidl_typesupport_fastrtps_c;rosidl_typesupport_introspection_c
-- Found rosidl_adapter: 3.1.8 (/opt/ros/humble/share/rosidl_adapter/cmake)
-- Using all available rosidl_typesupport_cpp: rosidl_typesupport_fastrtps_cpp;rosidl_typesupport_introspection_cpp
-- Found builtin_interfaces: 1.2.2 (/opt/ros/humble/share/builtin_interfaces/cmake)
-- Found ament_cmake_ros: 0.10.0 (/opt/ros/humble/share/ament_cmake_ros/cmake)
-- Using all available rosidl_typesupport_c: rosidl_typesupport_fastrtps_c;rosidl_typesupport_introspection_c
-- Using all available rosidl_typesupport_cpp: rosidl_typesupport_fastrtps_cpp;rosidl_typesupport_introspection_cpp
[33mCMake Warning (dev) at /opt/ros/humble/share/rosidl_generator_py/cmake/rosidl_generator_py_generate_interfaces.cmake:20 (find_package):
  Policy CMP0148 is not set: The FindPythonInterp and FindPythonLibs modules
  are removed.  Run "cmake --help-policy CMP0148" for policy details.  Use
  the cmake_policy command to set the policy and suppress this warning.

Call Stack (most recent call first):
  /opt/ros/humble/share/ament_cmake_core/cmake/core/ament_execute_extensions.cmake:48 (include)
  /opt/ros/humble/share/rosidl_cmake/cmake/rosidl_generate_interfaces.cmake:286 (ament_execute_extensions)
  CMakeLists.txt:9 (rosidl_generate_interfaces)
This warning is for project developers.  Use -Wno-dev to suppress it.
[0m
-- Found PythonInterp: /usr/bin/python3 (found suitable version "3.10.12", minimum required is "3.6")
-- Found python_cmake_module: 0.10.0 (/opt/ros/humble/share/python_cmake_module/cmake)
[33mCMake Warning (dev) at /opt/ros/humble/share/python_cmake_module/cmake/Modules/FindPythonExtra.cmake:52 (find_package):
  Policy CMP0148 is not set: The FindPythonInterp and FindPythonLibs modules
  are removed.  Run "cmake --help-policy CMP0148" for policy details.  Use
  the cmake_policy command to set the policy and suppress this warning.

Call Stack (most recent call first):
  /opt/ros/humble/share/rosidl_generator_py/cmake/rosidl_generator_py_generate_interfaces.cmake:23 (find_package)
  /opt/ros/humble/share/ament_cmake_core/cmake/core/ament_execute_extensions.cmake:48 (include)
  /opt/ros/humble/share/rosidl_cmake/cmake/rosidl_generate_interfaces.cmake:286 (ament_execute_extensions)
  CMakeLists.txt:9 (rosidl_generate_interfaces)
This warning is for project developers.  Use -Wno-dev to suppress it.
[0m
[33mCMake Warning (dev) at /opt/ros/humble/share/python_cmake_module/cmake/Modules/FindPythonExtra.cmake:140 (find_package):
  Policy CMP0148 is not set: The FindPythonInterp and FindPythonLibs modules
  are removed.  Run "cmake --help-policy CMP0148" for policy details.  Use
  the cmake_policy command to set the policy and suppress this warning.

Call Stack (most recent call first):
  /opt/ros/humble/share/rosidl_generator_py/cmake/rosidl_generator_py_generate_interfaces.cmake:23 (find_package)
  /opt/ros/humble/share/ament_cmake_core/cmake/core/ament_execute_extensions.cmake:48 (include)
  /opt/ros/humble/share/rosidl_cmake/cmake/rosidl_generate_interfaces.cmake:286 (ament_execute_extensions)
  CMakeLists.txt:9 (rosidl_generate_interfaces)
This warning is for project developers.  Use -Wno-dev to suppress it.
[0m
-- Found PythonLibs: /usr/lib/x86_64-linux-gnu/libpython3.10.so (found suitable version "3.10.12", minimum required is "3.5")
-- Using PYTHON_EXECUTABLE: /usr/bin/python3
-- Using PYTHON_INCLUDE_DIRS: /usr/include/python3.10
-- Using PYTHON_LIBRARIES: /usr/lib/x86_64-linux-gnu/libpython3.10.so
-- Found PythonExtra: .so
-- Configuring done (1.2s)
-- Generating done (0.0s)
-- Build files have been written to: /home/a/ros2_ws/build/capstone_vision
[  3%] [34m[1mGenerating C code for ROS interfaces[0m
[  6%] [34m[1mGenerating C++ code for ROS interfaces[0m
[  6%] Built target ament_cmake_python_copy_capstone_vision
[  6%] Built target capstone_vision__cpp
[  9%] [34m[1mGenerating C++ type support for eProsima Fast-RTPS[0m
[ 12%] [34m[1mGenerating C++ introspection for ROS interfaces[0m
[ 16%] [34m[1mGenerating C++ type support dispatch for ROS interfaces[0m
[ 19%] [32mBuilding C object CMakeFiles/capstone_vision__rosidl_generator_c.dir/rosidl_generator_c/capstone_vision/msg/detail/pick_target_world__functions.c.o[0m
running egg_info
creating capstone_vision.egg-info
writing capstone_vision.egg-info/PKG-INFO
writing dependency_links to capstone_vision.egg-info/dependency_links.txt
writing top-level names to capstone_vision.egg-info/top_level.txt
writing manifest file 'capstone_vision.egg-info/SOURCES.txt'
reading manifest file 'capstone_vision.egg-info/SOURCES.txt'
writing manifest file 'capstone_vision.egg-info/SOURCES.txt'
[ 19%] Built target ament_cmake_python_build_capstone_vision_egg
[ 22%] [32m[1mLinking C shared library libcapstone_vision__rosidl_generator_c.so[0m
[ 22%] Built target capstone_vision__rosidl_generator_c
[ 25%] [34m[1mGenerating C type support for eProsima Fast-RTPS[0m
[ 32%] [34m[1mGenerating C introspection for ROS interfaces[0m
[ 32%] [34m[1mGenerating C type support dispatch for ROS interfaces[0m
[ 35%] [32mBuilding CXX object CMakeFiles/capstone_vision__rosidl_typesupport_cpp.dir/rosidl_typesupport_cpp/capstone_vision/msg/pick_target_world__type_support.cpp.o[0m
[ 38%] [32mBuilding CXX object CMakeFiles/capstone_vision__rosidl_typesupport_introspection_cpp.dir/rosidl_typesupport_introspection_cpp/capstone_vision/msg/detail/pick_target_world__type_support.cpp.o[0m
[ 41%] [32mBuilding CXX object CMakeFiles/capstone_vision__rosidl_typesupport_fastrtps_cpp.dir/rosidl_typesupport_fastrtps_cpp/capstone_vision/msg/detail/dds_fastrtps/pick_target_world__type_support.cpp.o[0m
[ 45%] [32mBuilding CXX object CMakeFiles/capstone_vision__rosidl_typesupport_c.dir/rosidl_typesupport_c/capstone_vision/msg/pick_target_world__type_support.cpp.o[0m
[ 48%] [32mBuilding C object CMakeFiles/capstone_vision__rosidl_typesupport_introspection_c.dir/rosidl_typesupport_introspection_c/capstone_vision/msg/detail/pick_target_world__type_support.c.o[0m
[ 51%] [32mBuilding CXX object CMakeFiles/capstone_vision__rosidl_typesupport_fastrtps_c.dir/rosidl_typesupport_fastrtps_c/capstone_vision/msg/detail/pick_target_world__type_support_c.cpp.o[0m
[ 54%] [32m[1mLinking CXX shared library libcapstone_vision__rosidl_typesupport_c.so[0m
[ 58%] [32m[1mLinking C shared library libcapstone_vision__rosidl_typesupport_introspection_c.so[0m
[ 58%] Built target capstone_vision__rosidl_typesupport_c
[ 58%] Built target capstone_vision__rosidl_typesupport_introspection_c
[ 61%] [32m[1mLinking CXX shared library libcapstone_vision__rosidl_typesupport_cpp.so[0m
[ 61%] Built target capstone_vision__rosidl_typesupport_cpp
[ 64%] [32m[1mLinking CXX shared library libcapstone_vision__rosidl_typesupport_introspection_cpp.so[0m
[ 67%] [32m[1mLinking CXX shared library libcapstone_vision__rosidl_typesupport_fastrtps_cpp.so[0m
[ 67%] Built target capstone_vision__rosidl_typesupport_introspection_cpp
[ 70%] [32m[1mLinking CXX shared library libcapstone_vision__rosidl_typesupport_fastrtps_c.so[0m
[ 70%] Built target capstone_vision__rosidl_typesupport_fastrtps_cpp
[ 70%] Built target capstone_vision__rosidl_typesupport_fastrtps_c
[ 70%] Built target capstone_vision
[ 74%] [34m[1mGenerating Python code for ROS interfaces[0m
[ 74%] Built target capstone_vision__py
[ 77%] [32mBuilding C object CMakeFiles/capstone_vision__rosidl_generator_py.dir/rosidl_generator_py/capstone_vision/msg/_pick_target_world_s.c.o[0m
[ 80%] [32m[1mLinking C shared library rosidl_generator_py/capstone_vision/libcapstone_vision__rosidl_generator_py.so[0m
[ 80%] Built target capstone_vision__rosidl_generator_py
[ 83%] [32mBuilding C object CMakeFiles/capstone_vision__rosidl_typesupport_fastrtps_c__pyext.dir/rosidl_generator_py/capstone_vision/_capstone_vision_s.ep.rosidl_typesupport_fastrtps_c.c.o[0m
[ 87%] [32mBuilding C object CMakeFiles/capstone_vision__rosidl_typesupport_introspection_c__pyext.dir/rosidl_generator_py/capstone_vision/_capstone_vision_s.ep.rosidl_typesupport_introspection_c.c.o[0m
[ 90%] [32mBuilding C object CMakeFiles/capstone_vision__rosidl_typesupport_c__pyext.dir/rosidl_generator_py/capstone_vision/_capstone_vision_s.ep.rosidl_typesupport_c.c.o[0m
[100%] [32m[1mLinking C shared library rosidl_generator_py/capstone_vision/capstone_vision_s__rosidl_typesupport_c.cpython-310-x86_64-linux-gnu.so[0m
[100%] [32m[1mLinking C shared library rosidl_generator_py/capstone_vision/capstone_vision_s__rosidl_typesupport_introspection_c.cpython-310-x86_64-linux-gnu.so[0m
[100%] [32m[1mLinking C shared library rosidl_generator_py/capstone_vision/capstone_vision_s__rosidl_typesupport_fastrtps_c.cpython-310-x86_64-linux-gnu.so[0m
[100%] Built target capstone_vision__rosidl_typesupport_introspection_c__pyext
[100%] Built target capstone_vision__rosidl_typesupport_c__pyext
[100%] Built target capstone_vision__rosidl_typesupport_fastrtps_c__pyext
-- Install configuration: ""
-- Installing: /home/a/ros2_ws/install/capstone_vision/share/ament_index/resource_index/rosidl_interfaces/capstone_vision
-- Installing: /home/a/ros2_ws/install/capstone_vision/include/capstone_vision/capstone_vision
-- Installing: /home/a/ros2_ws/install/capstone_vision/include/capstone_vision/capstone_vision/msg
-- Installing: /home/a/ros2_ws/install/capstone_vision/include/capstone_vision/capstone_vision/msg/pick_target_world.h
-- Installing: /home/a/ros2_ws/install/capstone_vision/include/capstone_vision/capstone_vision/msg/detail
-- Installing: /home/a/ros2_ws/install/capstone_vision/include/capstone_vision/capstone_vision/msg/detail/pick_target_world__type_support.h
-- Installing: /home/a/ros2_ws/install/capstone_vision/include/capstone_vision/capstone_vision/msg/detail/pick_target_world__struct.h
-- Installing: /home/a/ros2_ws/install/capstone_vision/include/capstone_vision/capstone_vision/msg/detail/pick_target_world__functions.c
-- Installing: /home/a/ros2_ws/install/capstone_vision/include/capstone_vision/capstone_vision/msg/detail/pick_target_world__functions.h
-- Installing: /home/a/ros2_ws/install/capstone_vision/include/capstone_vision/capstone_vision/msg/rosidl_generator_c__visibility_control.h
-- Installing: /home/a/ros2_ws/install/capstone_vision/share/capstone_vision/environment/library_path.sh
-- Installing: /home/a/ros2_ws/install/capstone_vision/share/capstone_vision/environment/library_path.dsv
-- Installing: /home/a/ros2_ws/install/capstone_vision/lib/libcapstone_vision__rosidl_generator_c.so
-- Set non-toolchain portion of runtime path of "/home/a/ros2_ws/install/capstone_vision/lib/libcapstone_vision__rosidl_generator_c.so" to ""
-- Up-to-date: /home/a/ros2_ws/install/capstone_vision/include/capstone_vision/capstone_vision
-- Up-to-date: /home/a/ros2_ws/install/capstone_vision/include/capstone_vision/capstone_vision/msg
-- Installing: /home/a/ros2_ws/install/capstone_vision/include/capstone_vision/capstone_vision/msg/rosidl_typesupport_fastrtps_c__visibility_control.h
-- Up-to-date: /home/a/ros2_ws/install/capstone_vision/include/capstone_vision/capstone_vision/msg/detail
-- Installing: /home/a/ros2_ws/install/capstone_vision/include/capstone_vision/capstone_vision/msg/detail/pick_target_world__rosidl_typesupport_fastrtps_c.h
-- Installing: /home/a/ros2_ws/install/capstone_vision/lib/libcapstone_vision__rosidl_typesupport_fastrtps_c.so
-- Set non-toolchain portion of runtime path of "/home/a/ros2_ws/install/capstone_vision/lib/libcapstone_vision__rosidl_typesupport_fastrtps_c.so" to ""
-- Up-to-date: /home/a/ros2_ws/install/capstone_vision/include/capstone_vision/capstone_vision
-- Up-to-date: /home/a/ros2_ws/install/capstone_vision/include/capstone_vision/capstone_vision/msg
-- Up-to-date: /home/a/ros2_ws/install/capstone_vision/include/capstone_vision/capstone_vision/msg/detail
-- Installing: /home/a/ros2_ws/install/capstone_vision/include/capstone_vision/capstone_vision/msg/detail/pick_target_world__rosidl_typesupport_introspection_c.h
-- Installing: /home/a/ros2_ws/install/capstone_vision/include/capstone_vision/capstone_vision/msg/detail/pick_target_world__type_support.c
-- Installing: /home/a/ros2_ws/install/capstone_vision/include/capstone_vision/capstone_vision/msg/rosidl_typesupport_introspection_c__visibility_control.h
-- Installing: /home/a/ros2_ws/install/capstone_vision/lib/libcapstone_vision__rosidl_typesupport_introspection_c.so
-- Set non-toolchain portion of runtime path of "/home/a/ros2_ws/install/capstone_vision/lib/libcapstone_vision__rosidl_typesupport_introspection_c.so" to ""
-- Installing: /home/a/ros2_ws/install/capstone_vision/lib/libcapstone_vision__rosidl_typesupport_c.so
-- Set non-toolchain portion of runtime path of "/home/a/ros2_ws/install/capstone_vision/lib/libcapstone_vision__rosidl_typesupport_c.so" to ""
-- Up-to-date: /home/a/ros2_ws/install/capstone_vision/include/capstone_vision/capstone_vision
-- Up-to-date: /home/a/ros2_ws/install/capstone_vision/include/capstone_vision/capstone_vision/msg
-- Installing: /home/a/ros2_ws/install/capstone_vision/include/capstone_vision/capstone_vision/msg/pick_target_world.hpp
-- Installing: /home/a/ros2_ws/install/capstone_vision/include/capstone_vision/capstone_vision/msg/rosidl_generator_cpp__visibility_control.hpp
-- Up-to-date: /home/a/ros2_ws/install/capstone_vision/include/capstone_vision/capstone_vision/msg/detail
-- Installing: /home/a/ros2_ws/install/capstone_vision/include/capstone_vision/capstone_vision/msg/detail/pick_target_world__traits.hpp
-- Installing: /home/a/ros2_ws/install/capstone_vision/include/capstone_vision/capstone_vision/msg/detail/pick_target_world__builder.hpp
-- Installing: /home/a/ros2_ws/install/capstone_vision/include/capstone_vision/capstone_vision/msg/detail/pick_target_world__struct.hpp
-- Installing: /home/a/ros2_ws/install/capstone_vision/include/capstone_vision/capstone_vision/msg/detail/pick_target_world__type_support.hpp
-- Up-to-date: /home/a/ros2_ws/install/capstone_vision/include/capstone_vision/capstone_vision
-- Up-to-date: /home/a/ros2_ws/install/capstone_vision/include/capstone_vision/capstone_vision/msg
-- Up-to-date: /home/a/ros2_ws/install/capstone_vision/include/capstone_vision/capstone_vision/msg/detail
-- Installing: /home/a/ros2_ws/install/capstone_vision/include/capstone_vision/capstone_vision/msg/detail/dds_fastrtps
-- Installing: /home/a/ros2_ws/install/capstone_vision/include/capstone_vision/capstone_vision/msg/detail/pick_target_world__rosidl_typesupport_fastrtps_cpp.hpp
-- Installing: /home/a/ros2_ws/install/capstone_vision/include/capstone_vision/capstone_vision/msg/rosidl_typesupport_fastrtps_cpp__visibility_control.h
-- Installing: /home/a/ros2_ws/install/capstone_vision/lib/libcapstone_vision__rosidl_typesupport_fastrtps_cpp.so
-- Set non-toolchain portion of runtime path of "/home/a/ros2_ws/install/capstone_vision/lib/libcapstone_vision__rosidl_typesupport_fastrtps_cpp.so" to ""
-- Up-to-date: /home/a/ros2_ws/install/capstone_vision/include/capstone_vision/capstone_vision
-- Up-to-date: /home/a/ros2_ws/install/capstone_vision/include/capstone_vision/capstone_vision/msg
-- Up-to-date: /home/a/ros2_ws/install/capstone_vision/include/capstone_vision/capstone_vision/msg/detail
-- Installing: /home/a/ros2_ws/install/capstone_vision/include/capstone_vision/capstone_vision/msg/detail/pick_target_world__rosidl_typesupport_introspection_cpp.hpp
-- Installing: /home/a/ros2_ws/install/capstone_vision/include/capstone_vision/capstone_vision/msg/detail/pick_target_world__type_support.cpp
-- Installing: /home/a/ros2_ws/install/capstone_vision/lib/libcapstone_vision__rosidl_typesupport_introspection_cpp.so
-- Set non-toolchain portion of runtime path of "/home/a/ros2_ws/install/capstone_vision/lib/libcapstone_vision__rosidl_typesupport_introspection_cpp.so" to ""
-- Installing: /home/a/ros2_ws/install/capstone_vision/lib/libcapstone_vision__rosidl_typesupport_cpp.so
-- Set non-toolchain portion of runtime path of "/home/a/ros2_ws/install/capstone_vision/lib/libcapstone_vision__rosidl_typesupport_cpp.so" to ""
-- Installing: /home/a/ros2_ws/install/capstone_vision/share/capstone_vision/environment/pythonpath.sh
-- Installing: /home/a/ros2_ws/install/capstone_vision/share/capstone_vision/environment/pythonpath.dsv
-- Installing: /home/a/ros2_ws/install/capstone_vision/local/lib/python3.10/dist-packages/capstone_vision-0.0.0-py3.10.egg-info
-- Installing: /home/a/ros2_ws/install/capstone_vision/local/lib/python3.10/dist-packages/capstone_vision-0.0.0-py3.10.egg-info/dependency_links.txt
-- Installing: /home/a/ros2_ws/install/capstone_vision/local/lib/python3.10/dist-packages/capstone_vision-0.0.0-py3.10.egg-info/SOURCES.txt
-- Installing: /home/a/ros2_ws/install/capstone_vision/local/lib/python3.10/dist-packages/capstone_vision-0.0.0-py3.10.egg-info/PKG-INFO
-- Installing: /home/a/ros2_ws/install/capstone_vision/local/lib/python3.10/dist-packages/capstone_vision-0.0.0-py3.10.egg-info/top_level.txt
-- Installing: /home/a/ros2_ws/install/capstone_vision/local/lib/python3.10/dist-packages/capstone_vision
-- Installing: /home/a/ros2_ws/install/capstone_vision/local/lib/python3.10/dist-packages/capstone_vision/msg
-- Installing: /home/a/ros2_ws/install/capstone_vision/local/lib/python3.10/dist-packages/capstone_vision/msg/_pick_target_world.py
-- Installing: /home/a/ros2_ws/install/capstone_vision/local/lib/python3.10/dist-packages/capstone_vision/msg/__init__.py
-- Installing: /home/a/ros2_ws/install/capstone_vision/local/lib/python3.10/dist-packages/capstone_vision/msg/_pick_target_world_s.c
-- Installing: /home/a/ros2_ws/install/capstone_vision/local/lib/python3.10/dist-packages/capstone_vision/_capstone_vision_s.ep.rosidl_typesupport_c.c
-- Installing: /home/a/ros2_ws/install/capstone_vision/local/lib/python3.10/dist-packages/capstone_vision/capstone_vision_s__rosidl_typesupport_fastrtps_c.cpython-310-x86_64-linux-gnu.so
-- Installing: /home/a/ros2_ws/install/capstone_vision/local/lib/python3.10/dist-packages/capstone_vision/capstone_vision_s__rosidl_typesupport_introspection_c.cpython-310-x86_64-linux-gnu.so
-- Installing: /home/a/ros2_ws/install/capstone_vision/local/lib/python3.10/dist-packages/capstone_vision/__init__.py
-- Installing: /home/a/ros2_ws/install/capstone_vision/local/lib/python3.10/dist-packages/capstone_vision/_capstone_vision_s.ep.rosidl_typesupport_introspection_c.c
-- Installing: /home/a/ros2_ws/install/capstone_vision/local/lib/python3.10/dist-packages/capstone_vision/libcapstone_vision__rosidl_generator_py.so
-- Installing: /home/a/ros2_ws/install/capstone_vision/local/lib/python3.10/dist-packages/capstone_vision/_capstone_vision_s.ep.rosidl_typesupport_fastrtps_c.c
-- Installing: /home/a/ros2_ws/install/capstone_vision/local/lib/python3.10/dist-packages/capstone_vision/capstone_vision_s__rosidl_typesupport_c.cpython-310-x86_64-linux-gnu.so
Listing '/home/a/ros2_ws/install/capstone_vision/local/lib/python3.10/dist-packages/capstone_vision'...
Compiling '/home/a/ros2_ws/install/capstone_vision/local/lib/python3.10/dist-packages/capstone_vision/__init__.py'...
Listing '/home/a/ros2_ws/install/capstone_vision/local/lib/python3.10/dist-packages/capstone_vision/msg'...
Compiling '/home/a/ros2_ws/install/capstone_vision/local/lib/python3.10/dist-packages/capstone_vision/msg/__init__.py'...
Compiling '/home/a/ros2_ws/install/capstone_vision/local/lib/python3.10/dist-packages/capstone_vision/msg/_pick_target_world.py'...
-- Installing: /home/a/ros2_ws/install/capstone_vision/local/lib/python3.10/dist-packages/capstone_vision/capstone_vision_s__rosidl_typesupport_fastrtps_c.cpython-310-x86_64-linux-gnu.so
-- Set non-toolchain portion of runtime path of "/home/a/ros2_ws/install/capstone_vision/local/lib/python3.10/dist-packages/capstone_vision/capstone_vision_s__rosidl_typesupport_fastrtps_c.cpython-310-x86_64-linux-gnu.so" to ""
-- Installing: /home/a/ros2_ws/install/capstone_vision/local/lib/python3.10/dist-packages/capstone_vision/capstone_vision_s__rosidl_typesupport_introspection_c.cpython-310-x86_64-linux-gnu.so
-- Set non-toolchain portion of runtime path of "/home/a/ros2_ws/install/capstone_vision/local/lib/python3.10/dist-packages/capstone_vision/capstone_vision_s__rosidl_typesupport_introspection_c.cpython-310-x86_64-linux-gnu.so" to ""
-- Installing: /home/a/ros2_ws/install/capstone_vision/local/lib/python3.10/dist-packages/capstone_vision/capstone_vision_s__rosidl_typesupport_c.cpython-310-x86_64-linux-gnu.so
-- Set non-toolchain portion of runtime path of "/home/a/ros2_ws/install/capstone_vision/local/lib/python3.10/dist-packages/capstone_vision/capstone_vision_s__rosidl_typesupport_c.cpython-310-x86_64-linux-gnu.so" to ""
-- Installing: /home/a/ros2_ws/install/capstone_vision/lib/libcapstone_vision__rosidl_generator_py.so
-- Set non-toolchain portion of runtime path of "/home/a/ros2_ws/install/capstone_vision/lib/libcapstone_vision__rosidl_generator_py.so" to ""
-- Installing: /home/a/ros2_ws/install/capstone_vision/share/capstone_vision/msg/PickTargetWorld.idl
-- Installing: /home/a/ros2_ws/install/capstone_vision/share/capstone_vision/msg/PickTargetWorld.msg
-- Installing: /home/a/ros2_ws/install/capstone_vision/share/ament_index/resource_index/package_run_dependencies/capstone_vision
-- Installing: /home/a/ros2_ws/install/capstone_vision/share/ament_index/resource_index/parent_prefix_path/capstone_vision
-- Installing: /home/a/ros2_ws/install/capstone_vision/share/capstone_vision/environment/ament_prefix_path.sh
-- Installing: /home/a/ros2_ws/install/capstone_vision/share/capstone_vision/environment/ament_prefix_path.dsv
-- Installing: /home/a/ros2_ws/install/capstone_vision/share/capstone_vision/environment/path.sh
-- Installing: /home/a/ros2_ws/install/capstone_vision/share/capstone_vision/environment/path.dsv
-- Installing: /home/a/ros2_ws/install/capstone_vision/share/capstone_vision/local_setup.bash
-- Installing: /home/a/ros2_ws/install/capstone_vision/share/capstone_vision/local_setup.sh
-- Installing: /home/a/ros2_ws/install/capstone_vision/share/capstone_vision/local_setup.zsh
-- Installing: /home/a/ros2_ws/install/capstone_vision/share/capstone_vision/local_setup.dsv
-- Installing: /home/a/ros2_ws/install/capstone_vision/share/capstone_vision/package.dsv
-- Installing: /home/a/ros2_ws/install/capstone_vision/share/ament_index/resource_index/packages/capstone_vision
-- Installing: /home/a/ros2_ws/install/capstone_vision/share/capstone_vision/cmake/export_capstone_vision__rosidl_generator_cExport.cmake
-- Installing: /home/a/ros2_ws/install/capstone_vision/share/capstone_vision/cmake/export_capstone_vision__rosidl_generator_cExport-noconfig.cmake
-- Installing: /home/a/ros2_ws/install/capstone_vision/share/capstone_vision/cmake/export_capstone_vision__rosidl_typesupport_fastrtps_cExport.cmake
-- Installing: /home/a/ros2_ws/install/capstone_vision/share/capstone_vision/cmake/export_capstone_vision__rosidl_typesupport_fastrtps_cExport-noconfig.cmake
-- Installing: /home/a/ros2_ws/install/capstone_vision/share/capstone_vision/cmake/capstone_vision__rosidl_typesupport_introspection_cExport.cmake
-- Installing: /home/a/ros2_ws/install/capstone_vision/share/capstone_vision/cmake/capstone_vision__rosidl_typesupport_introspection_cExport-noconfig.cmake
-- Installing: /home/a/ros2_ws/install/capstone_vision/share/capstone_vision/cmake/capstone_vision__rosidl_typesupport_cExport.cmake
-- Installing: /home/a/ros2_ws/install/capstone_vision/share/capstone_vision/cmake/capstone_vision__rosidl_typesupport_cExport-noconfig.cmake
-- Installing: /home/a/ros2_ws/install/capstone_vision/share/capstone_vision/cmake/export_capstone_vision__rosidl_generator_cppExport.cmake
-- Installing: /home/a/ros2_ws/install/capstone_vision/share/capstone_vision/cmake/export_capstone_vision__rosidl_typesupport_fastrtps_cppExport.cmake
-- Installing: /home/a/ros2_ws/install/capstone_vision/share/capstone_vision/cmake/export_capstone_vision__rosidl_typesupport_fastrtps_cppExport-noconfig.cmake
-- Installing: /home/a/ros2_ws/install/capstone_vision/share/capstone_vision/cmake/capstone_vision__rosidl_typesupport_introspection_cppExport.cmake
-- Installing: /home/a/ros2_ws/install/capstone_vision/share/capstone_vision/cmake/capstone_vision__rosidl_typesupport_introspection_cppExport-noconfig.cmake
-- Installing: /home/a/ros2_ws/install/capstone_vision/share/capstone_vision/cmake/capstone_vision__rosidl_typesupport_cppExport.cmake
-- Installing: /home/a/ros2_ws/install/capstone_vision/share/capstone_vision/cmake/capstone_vision__rosidl_typesupport_cppExport-noconfig.cmake
-- Installing: /home/a/ros2_ws/install/capstone_vision/share/capstone_vision/cmake/export_capstone_vision__rosidl_generator_pyExport.cmake
-- Installing: /home/a/ros2_ws/install/capstone_vision/share/capstone_vision/cmake/export_capstone_vision__rosidl_generator_pyExport-noconfig.cmake
-- Installing: /home/a/ros2_ws/install/capstone_vision/share/capstone_vision/cmake/rosidl_cmake-extras.cmake
-- Installing: /home/a/ros2_ws/install/capstone_vision/share/capstone_vision/cmake/ament_cmake_export_dependencies-extras.cmake
-- Installing: /home/a/ros2_ws/install/capstone_vision/share/capstone_vision/cmake/ament_cmake_export_include_directories-extras.cmake
-- Installing: /home/a/ros2_ws/install/capstone_vision/share/capstone_vision/cmake/ament_cmake_export_libraries-extras.cmake
-- Installing: /home/a/ros2_ws/install/capstone_vision/share/capstone_vision/cmake/ament_cmake_export_targets-extras.cmake
-- Installing: /home/a/ros2_ws/install/capstone_vision/share/capstone_vision/cmake/rosidl_cmake_export_typesupport_targets-extras.cmake
-- Installing: /home/a/ros2_ws/install/capstone_vision/share/capstone_vision/cmake/rosidl_cmake_export_typesupport_libraries-extras.cmake
-- Installing: /home/a/ros2_ws/install/capstone_vision/share/capstone_vision/cmake/capstone_visionConfig.cmake
-- Installing: /home/a/ros2_ws/install/capstone_vision/share/capstone_vision/cmake/capstone_visionConfig-version.cmake
-- Installing: /home/a/ros2_ws/install/capstone_vision/share/capstone_vision/package.xml
