[0.012s] Invoking command in '/home/a/ros2_ws/build/capstone_vision': CMAKE_PREFIX_PATH=${CMAKE_PREFIX_PATH}:/opt/ros/humble /home/a/cmake-install/bin/cmake --build /home/a/ros2_ws/build/capstone_vision -- -j16 -l16
[0.107s] [  3%] Built target capstone_vision__cpp
[0.113s] [  3%] Built target ament_cmake_python_copy_capstone_vision
[0.123s] [ 12%] Built target capstone_vision__rosidl_generator_c
[0.137s] [ 22%] Built target capstone_vision__rosidl_typesupport_introspection_c
[0.138s] [ 32%] Built target capstone_vision__rosidl_typesupport_c
[0.138s] [ 41%] Built target capstone_vision__rosidl_typesupport_cpp
[0.138s] [ 51%] Built target capstone_vision__rosidl_typesupport_introspection_cpp
[0.139s] [ 61%] Built target capstone_vision__rosidl_typesupport_fastrtps_cpp
[0.139s] [ 70%] Built target capstone_vision__rosidl_typesupport_fastrtps_c
[0.147s] [ 70%] Built target capstone_vision
[0.155s] [ 74%] Built target capstone_vision__py
[0.172s] [ 80%] Built target capstone_vision__rosidl_generator_py
[0.181s] [ 87%] Built target capstone_vision__rosidl_typesupport_fastrtps_c__pyext
[0.181s] [ 93%] Built target capstone_vision__rosidl_typesupport_introspection_c__pyext
[0.181s] [100%] Built target capstone_vision__rosidl_typesupport_c__pyext
[0.278s] running egg_info
[0.278s] writing capstone_vision.egg-info/PKG-INFO
[0.278s] writing dependency_links to capstone_vision.egg-info/dependency_links.txt
[0.278s] writing top-level names to capstone_vision.egg-info/top_level.txt
[0.280s] reading manifest file 'capstone_vision.egg-info/SOURCES.txt'
[0.281s] writing manifest file 'capstone_vision.egg-info/SOURCES.txt'
[0.293s] [100%] Built target ament_cmake_python_build_capstone_vision_egg
[0.297s] Invoked command in '/home/a/ros2_ws/build/capstone_vision' returned '0': CMAKE_PREFIX_PATH=${CMAKE_PREFIX_PATH}:/opt/ros/humble /home/a/cmake-install/bin/cmake --build /home/a/ros2_ws/build/capstone_vision -- -j16 -l16
[0.301s] Invoking command in '/home/a/ros2_ws/build/capstone_vision': CMAKE_PREFIX_PATH=${CMAKE_PREFIX_PATH}:/opt/ros/humble /home/a/cmake-install/bin/cmake --install /home/a/ros2_ws/build/capstone_vision
[0.305s] -- Install configuration: ""
[0.306s] -- Up-to-date: /home/a/ros2_ws/install/capstone_vision/share/ament_index/resource_index/rosidl_interfaces/capstone_vision
[0.306s] -- Up-to-date: /home/a/ros2_ws/install/capstone_vision/include/capstone_vision/capstone_vision
[0.306s] -- Up-to-date: /home/a/ros2_ws/install/capstone_vision/include/capstone_vision/capstone_vision/msg
[0.306s] -- Up-to-date: /home/a/ros2_ws/install/capstone_vision/include/capstone_vision/capstone_vision/msg/pick_target_world.h
[0.306s] -- Up-to-date: /home/a/ros2_ws/install/capstone_vision/include/capstone_vision/capstone_vision/msg/detail
[0.306s] -- Up-to-date: /home/a/ros2_ws/install/capstone_vision/include/capstone_vision/capstone_vision/msg/detail/pick_target_world__type_support.h
[0.306s] -- Up-to-date: /home/a/ros2_ws/install/capstone_vision/include/capstone_vision/capstone_vision/msg/detail/pick_target_world__struct.h
[0.306s] -- Up-to-date: /home/a/ros2_ws/install/capstone_vision/include/capstone_vision/capstone_vision/msg/detail/pick_target_world__functions.c
[0.306s] -- Up-to-date: /home/a/ros2_ws/install/capstone_vision/include/capstone_vision/capstone_vision/msg/detail/pick_target_world__functions.h
[0.306s] -- Up-to-date: /home/a/ros2_ws/install/capstone_vision/include/capstone_vision/capstone_vision/msg/rosidl_generator_c__visibility_control.h
[0.306s] -- Up-to-date: /home/a/ros2_ws/install/capstone_vision/share/capstone_vision/environment/library_path.sh
[0.306s] -- Up-to-date: /home/a/ros2_ws/install/capstone_vision/share/capstone_vision/environment/library_path.dsv
[0.307s] -- Up-to-date: /home/a/ros2_ws/install/capstone_vision/lib/libcapstone_vision__rosidl_generator_c.so
[0.307s] -- Up-to-date: /home/a/ros2_ws/install/capstone_vision/include/capstone_vision/capstone_vision
[0.307s] -- Up-to-date: /home/a/ros2_ws/install/capstone_vision/include/capstone_vision/capstone_vision/msg
[0.307s] -- Up-to-date: /home/a/ros2_ws/install/capstone_vision/include/capstone_vision/capstone_vision/msg/rosidl_typesupport_fastrtps_c__visibility_control.h
[0.307s] -- Up-to-date: /home/a/ros2_ws/install/capstone_vision/include/capstone_vision/capstone_vision/msg/detail
[0.307s] -- Up-to-date: /home/a/ros2_ws/install/capstone_vision/include/capstone_vision/capstone_vision/msg/detail/pick_target_world__rosidl_typesupport_fastrtps_c.h
[0.308s] -- Up-to-date: /home/a/ros2_ws/install/capstone_vision/lib/libcapstone_vision__rosidl_typesupport_fastrtps_c.so
[0.308s] -- Up-to-date: /home/a/ros2_ws/install/capstone_vision/include/capstone_vision/capstone_vision
[0.308s] -- Up-to-date: /home/a/ros2_ws/install/capstone_vision/include/capstone_vision/capstone_vision/msg
[0.308s] -- Up-to-date: /home/a/ros2_ws/install/capstone_vision/include/capstone_vision/capstone_vision/msg/detail
[0.308s] -- Up-to-date: /home/a/ros2_ws/install/capstone_vision/include/capstone_vision/capstone_vision/msg/detail/pick_target_world__rosidl_typesupport_introspection_c.h
[0.308s] -- Up-to-date: /home/a/ros2_ws/install/capstone_vision/include/capstone_vision/capstone_vision/msg/detail/pick_target_world__type_support.c
[0.308s] -- Up-to-date: /home/a/ros2_ws/install/capstone_vision/include/capstone_vision/capstone_vision/msg/rosidl_typesupport_introspection_c__visibility_control.h
[0.308s] -- Up-to-date: /home/a/ros2_ws/install/capstone_vision/lib/libcapstone_vision__rosidl_typesupport_introspection_c.so
[0.309s] -- Up-to-date: /home/a/ros2_ws/install/capstone_vision/lib/libcapstone_vision__rosidl_typesupport_c.so
[0.309s] -- Up-to-date: /home/a/ros2_ws/install/capstone_vision/include/capstone_vision/capstone_vision
[0.309s] -- Up-to-date: /home/a/ros2_ws/install/capstone_vision/include/capstone_vision/capstone_vision/msg
[0.309s] -- Up-to-date: /home/a/ros2_ws/install/capstone_vision/include/capstone_vision/capstone_vision/msg/pick_target_world.hpp
[0.309s] -- Up-to-date: /home/a/ros2_ws/install/capstone_vision/include/capstone_vision/capstone_vision/msg/rosidl_generator_cpp__visibility_control.hpp
[0.309s] -- Up-to-date: /home/a/ros2_ws/install/capstone_vision/include/capstone_vision/capstone_vision/msg/detail
[0.309s] -- Up-to-date: /home/a/ros2_ws/install/capstone_vision/include/capstone_vision/capstone_vision/msg/detail/pick_target_world__traits.hpp
[0.309s] -- Up-to-date: /home/a/ros2_ws/install/capstone_vision/include/capstone_vision/capstone_vision/msg/detail/pick_target_world__builder.hpp
[0.309s] -- Up-to-date: /home/a/ros2_ws/install/capstone_vision/include/capstone_vision/capstone_vision/msg/detail/pick_target_world__struct.hpp
[0.309s] -- Up-to-date: /home/a/ros2_ws/install/capstone_vision/include/capstone_vision/capstone_vision/msg/detail/pick_target_world__type_support.hpp
[0.309s] -- Up-to-date: /home/a/ros2_ws/install/capstone_vision/include/capstone_vision/capstone_vision
[0.309s] -- Up-to-date: /home/a/ros2_ws/install/capstone_vision/include/capstone_vision/capstone_vision/msg
[0.309s] -- Up-to-date: /home/a/ros2_ws/install/capstone_vision/include/capstone_vision/capstone_vision/msg/detail
[0.309s] -- Up-to-date: /home/a/ros2_ws/install/capstone_vision/include/capstone_vision/capstone_vision/msg/detail/dds_fastrtps
[0.309s] -- Up-to-date: /home/a/ros2_ws/install/capstone_vision/include/capstone_vision/capstone_vision/msg/detail/pick_target_world__rosidl_typesupport_fastrtps_cpp.hpp
[0.309s] -- Up-to-date: /home/a/ros2_ws/install/capstone_vision/include/capstone_vision/capstone_vision/msg/rosidl_typesupport_fastrtps_cpp__visibility_control.h
[0.309s] -- Up-to-date: /home/a/ros2_ws/install/capstone_vision/lib/libcapstone_vision__rosidl_typesupport_fastrtps_cpp.so
[0.310s] -- Up-to-date: /home/a/ros2_ws/install/capstone_vision/include/capstone_vision/capstone_vision
[0.310s] -- Up-to-date: /home/a/ros2_ws/install/capstone_vision/include/capstone_vision/capstone_vision/msg
[0.310s] -- Up-to-date: /home/a/ros2_ws/install/capstone_vision/include/capstone_vision/capstone_vision/msg/detail
[0.310s] -- Up-to-date: /home/a/ros2_ws/install/capstone_vision/include/capstone_vision/capstone_vision/msg/detail/pick_target_world__rosidl_typesupport_introspection_cpp.hpp
[0.310s] -- Up-to-date: /home/a/ros2_ws/install/capstone_vision/include/capstone_vision/capstone_vision/msg/detail/pick_target_world__type_support.cpp
[0.310s] -- Up-to-date: /home/a/ros2_ws/install/capstone_vision/lib/libcapstone_vision__rosidl_typesupport_introspection_cpp.so
[0.311s] -- Up-to-date: /home/a/ros2_ws/install/capstone_vision/lib/libcapstone_vision__rosidl_typesupport_cpp.so
[0.311s] -- Up-to-date: /home/a/ros2_ws/install/capstone_vision/share/capstone_vision/environment/pythonpath.sh
[0.311s] -- Up-to-date: /home/a/ros2_ws/install/capstone_vision/share/capstone_vision/environment/pythonpath.dsv
[0.311s] -- Up-to-date: /home/a/ros2_ws/install/capstone_vision/local/lib/python3.10/dist-packages/capstone_vision-0.0.0-py3.10.egg-info
[0.311s] -- Installing: /home/a/ros2_ws/install/capstone_vision/local/lib/python3.10/dist-packages/capstone_vision-0.0.0-py3.10.egg-info/dependency_links.txt
[0.311s] -- Installing: /home/a/ros2_ws/install/capstone_vision/local/lib/python3.10/dist-packages/capstone_vision-0.0.0-py3.10.egg-info/SOURCES.txt
[0.311s] -- Installing: /home/a/ros2_ws/install/capstone_vision/local/lib/python3.10/dist-packages/capstone_vision-0.0.0-py3.10.egg-info/PKG-INFO
[0.311s] -- Installing: /home/a/ros2_ws/install/capstone_vision/local/lib/python3.10/dist-packages/capstone_vision-0.0.0-py3.10.egg-info/top_level.txt
[0.311s] -- Up-to-date: /home/a/ros2_ws/install/capstone_vision/local/lib/python3.10/dist-packages/capstone_vision
[0.312s] -- Up-to-date: /home/a/ros2_ws/install/capstone_vision/local/lib/python3.10/dist-packages/capstone_vision/msg
[0.312s] -- Up-to-date: /home/a/ros2_ws/install/capstone_vision/local/lib/python3.10/dist-packages/capstone_vision/msg/_pick_target_world.py
[0.312s] -- Up-to-date: /home/a/ros2_ws/install/capstone_vision/local/lib/python3.10/dist-packages/capstone_vision/msg/__init__.py
[0.312s] -- Up-to-date: /home/a/ros2_ws/install/capstone_vision/local/lib/python3.10/dist-packages/capstone_vision/msg/_pick_target_world_s.c
[0.312s] -- Up-to-date: /home/a/ros2_ws/install/capstone_vision/local/lib/python3.10/dist-packages/capstone_vision/_capstone_vision_s.ep.rosidl_typesupport_c.c
[0.312s] -- Up-to-date: /home/a/ros2_ws/install/capstone_vision/local/lib/python3.10/dist-packages/capstone_vision/capstone_vision_s__rosidl_typesupport_fastrtps_c.cpython-310-x86_64-linux-gnu.so
[0.312s] -- Up-to-date: /home/a/ros2_ws/install/capstone_vision/local/lib/python3.10/dist-packages/capstone_vision/capstone_vision_s__rosidl_typesupport_introspection_c.cpython-310-x86_64-linux-gnu.so
[0.312s] -- Up-to-date: /home/a/ros2_ws/install/capstone_vision/local/lib/python3.10/dist-packages/capstone_vision/__init__.py
[0.312s] -- Up-to-date: /home/a/ros2_ws/install/capstone_vision/local/lib/python3.10/dist-packages/capstone_vision/_capstone_vision_s.ep.rosidl_typesupport_introspection_c.c
[0.312s] -- Up-to-date: /home/a/ros2_ws/install/capstone_vision/local/lib/python3.10/dist-packages/capstone_vision/libcapstone_vision__rosidl_generator_py.so
[0.312s] -- Up-to-date: /home/a/ros2_ws/install/capstone_vision/local/lib/python3.10/dist-packages/capstone_vision/_capstone_vision_s.ep.rosidl_typesupport_fastrtps_c.c
[0.312s] -- Up-to-date: /home/a/ros2_ws/install/capstone_vision/local/lib/python3.10/dist-packages/capstone_vision/capstone_vision_s__rosidl_typesupport_c.cpython-310-x86_64-linux-gnu.so
[0.333s] Listing '/home/a/ros2_ws/install/capstone_vision/local/lib/python3.10/dist-packages/capstone_vision'...
[0.333s] Listing '/home/a/ros2_ws/install/capstone_vision/local/lib/python3.10/dist-packages/capstone_vision/msg'...
[0.336s] -- Up-to-date: /home/a/ros2_ws/install/capstone_vision/local/lib/python3.10/dist-packages/capstone_vision/capstone_vision_s__rosidl_typesupport_fastrtps_c.cpython-310-x86_64-linux-gnu.so
[0.337s] -- Up-to-date: /home/a/ros2_ws/install/capstone_vision/local/lib/python3.10/dist-packages/capstone_vision/capstone_vision_s__rosidl_typesupport_introspection_c.cpython-310-x86_64-linux-gnu.so
[0.337s] -- Up-to-date: /home/a/ros2_ws/install/capstone_vision/local/lib/python3.10/dist-packages/capstone_vision/capstone_vision_s__rosidl_typesupport_c.cpython-310-x86_64-linux-gnu.so
[0.338s] -- Up-to-date: /home/a/ros2_ws/install/capstone_vision/lib/libcapstone_vision__rosidl_generator_py.so
[0.338s] -- Up-to-date: /home/a/ros2_ws/install/capstone_vision/share/capstone_vision/msg/PickTargetWorld.idl
[0.338s] -- Up-to-date: /home/a/ros2_ws/install/capstone_vision/share/capstone_vision/msg/PickTargetWorld.msg
[0.338s] -- Installing: /home/a/ros2_ws/install/capstone_vision/lib/capstone_vision/vision_node.py
[0.338s] -- Up-to-date: /home/a/ros2_ws/install/capstone_vision/share/ament_index/resource_index/package_run_dependencies/capstone_vision
[0.338s] -- Up-to-date: /home/a/ros2_ws/install/capstone_vision/share/ament_index/resource_index/parent_prefix_path/capstone_vision
[0.338s] -- Up-to-date: /home/a/ros2_ws/install/capstone_vision/share/capstone_vision/environment/ament_prefix_path.sh
[0.338s] -- Up-to-date: /home/a/ros2_ws/install/capstone_vision/share/capstone_vision/environment/ament_prefix_path.dsv
[0.339s] -- Up-to-date: /home/a/ros2_ws/install/capstone_vision/share/capstone_vision/environment/path.sh
[0.339s] -- Up-to-date: /home/a/ros2_ws/install/capstone_vision/share/capstone_vision/environment/path.dsv
[0.339s] -- Up-to-date: /home/a/ros2_ws/install/capstone_vision/share/capstone_vision/local_setup.bash
[0.339s] -- Up-to-date: /home/a/ros2_ws/install/capstone_vision/share/capstone_vision/local_setup.sh
[0.339s] -- Up-to-date: /home/a/ros2_ws/install/capstone_vision/share/capstone_vision/local_setup.zsh
[0.339s] -- Up-to-date: /home/a/ros2_ws/install/capstone_vision/share/capstone_vision/local_setup.dsv
[0.339s] -- Installing: /home/a/ros2_ws/install/capstone_vision/share/capstone_vision/package.dsv
[0.339s] -- Up-to-date: /home/a/ros2_ws/install/capstone_vision/share/ament_index/resource_index/packages/capstone_vision
[0.340s] -- Up-to-date: /home/a/ros2_ws/install/capstone_vision/share/capstone_vision/cmake/export_capstone_vision__rosidl_generator_cExport.cmake
[0.340s] -- Up-to-date: /home/a/ros2_ws/install/capstone_vision/share/capstone_vision/cmake/export_capstone_vision__rosidl_generator_cExport-noconfig.cmake
[0.340s] -- Up-to-date: /home/a/ros2_ws/install/capstone_vision/share/capstone_vision/cmake/export_capstone_vision__rosidl_typesupport_fastrtps_cExport.cmake
[0.340s] -- Up-to-date: /home/a/ros2_ws/install/capstone_vision/share/capstone_vision/cmake/export_capstone_vision__rosidl_typesupport_fastrtps_cExport-noconfig.cmake
[0.340s] -- Up-to-date: /home/a/ros2_ws/install/capstone_vision/share/capstone_vision/cmake/capstone_vision__rosidl_typesupport_introspection_cExport.cmake
[0.340s] -- Up-to-date: /home/a/ros2_ws/install/capstone_vision/share/capstone_vision/cmake/capstone_vision__rosidl_typesupport_introspection_cExport-noconfig.cmake
[0.341s] -- Up-to-date: /home/a/ros2_ws/install/capstone_vision/share/capstone_vision/cmake/capstone_vision__rosidl_typesupport_cExport.cmake
[0.341s] -- Up-to-date: /home/a/ros2_ws/install/capstone_vision/share/capstone_vision/cmake/capstone_vision__rosidl_typesupport_cExport-noconfig.cmake
[0.341s] -- Up-to-date: /home/a/ros2_ws/install/capstone_vision/share/capstone_vision/cmake/export_capstone_vision__rosidl_generator_cppExport.cmake
[0.341s] -- Up-to-date: /home/a/ros2_ws/install/capstone_vision/share/capstone_vision/cmake/export_capstone_vision__rosidl_typesupport_fastrtps_cppExport.cmake
[0.341s] -- Up-to-date: /home/a/ros2_ws/install/capstone_vision/share/capstone_vision/cmake/export_capstone_vision__rosidl_typesupport_fastrtps_cppExport-noconfig.cmake
[0.341s] -- Up-to-date: /home/a/ros2_ws/install/capstone_vision/share/capstone_vision/cmake/capstone_vision__rosidl_typesupport_introspection_cppExport.cmake
[0.341s] -- Up-to-date: /home/a/ros2_ws/install/capstone_vision/share/capstone_vision/cmake/capstone_vision__rosidl_typesupport_introspection_cppExport-noconfig.cmake
[0.342s] -- Up-to-date: /home/a/ros2_ws/install/capstone_vision/share/capstone_vision/cmake/capstone_vision__rosidl_typesupport_cppExport.cmake
[0.342s] -- Up-to-date: /home/a/ros2_ws/install/capstone_vision/share/capstone_vision/cmake/capstone_vision__rosidl_typesupport_cppExport-noconfig.cmake
[0.342s] -- Up-to-date: /home/a/ros2_ws/install/capstone_vision/share/capstone_vision/cmake/export_capstone_vision__rosidl_generator_pyExport.cmake
[0.342s] -- Up-to-date: /home/a/ros2_ws/install/capstone_vision/share/capstone_vision/cmake/export_capstone_vision__rosidl_generator_pyExport-noconfig.cmake
[0.342s] -- Up-to-date: /home/a/ros2_ws/install/capstone_vision/share/capstone_vision/cmake/rosidl_cmake-extras.cmake
[0.342s] -- Up-to-date: /home/a/ros2_ws/install/capstone_vision/share/capstone_vision/cmake/ament_cmake_export_dependencies-extras.cmake
[0.342s] -- Up-to-date: /home/a/ros2_ws/install/capstone_vision/share/capstone_vision/cmake/ament_cmake_export_include_directories-extras.cmake
[0.342s] -- Up-to-date: /home/a/ros2_ws/install/capstone_vision/share/capstone_vision/cmake/ament_cmake_export_libraries-extras.cmake
[0.342s] -- Up-to-date: /home/a/ros2_ws/install/capstone_vision/share/capstone_vision/cmake/ament_cmake_export_targets-extras.cmake
[0.342s] -- Up-to-date: /home/a/ros2_ws/install/capstone_vision/share/capstone_vision/cmake/rosidl_cmake_export_typesupport_targets-extras.cmake
[0.342s] -- Up-to-date: /home/a/ros2_ws/install/capstone_vision/share/capstone_vision/cmake/rosidl_cmake_export_typesupport_libraries-extras.cmake
[0.342s] -- Up-to-date: /home/a/ros2_ws/install/capstone_vision/share/capstone_vision/cmake/capstone_visionConfig.cmake
[0.342s] -- Up-to-date: /home/a/ros2_ws/install/capstone_vision/share/capstone_vision/cmake/capstone_visionConfig-version.cmake
[0.342s] -- Up-to-date: /home/a/ros2_ws/install/capstone_vision/share/capstone_vision/package.xml
[0.343s] Invoked command in '/home/a/ros2_ws/build/capstone_vision' returned '0': CMAKE_PREFIX_PATH=${CMAKE_PREFIX_PATH}:/opt/ros/humble /home/a/cmake-install/bin/cmake --install /home/a/ros2_ws/build/capstone_vision
