[0.016s] Invoking command in '/home/a/ros2_ws/build/capstone_vision': CMAKE_PREFIX_PATH=/home/a/ros2_ws/install/capstone_vision:/opt/ros/humble:${CMAKE_PREFIX_PATH} /home/a/cmake-install/bin/cmake /home/a/ros2_ws/src/capstone_vision -DCMAKE_INSTALL_PREFIX=/home/a/ros2_ws/install/capstone_vision
[0.045s] [0mCMake Deprecation Warning at CMakeLists.txt:1 (cmake_minimum_required):
[0.045s]   Compatibility with CMake < 3.10 will be removed from a future version of
[0.045s]   CMake.
[0.045s] 
[0.045s]   Update the VERSION argument <min> value.  Or, use the <min>...<max> syntax
[0.045s]   to tell CMake that the project requires at least <min> but has been updated
[0.045s]   to work with policies introduced by <max> or earlier.
[0.045s] 
[0.045s] [0m
[0.142s] -- The C compiler identification is GNU 11.4.0
[0.223s] -- The CXX compiler identification is GNU 11.4.0
[0.233s] -- Detecting C compiler ABI info
[0.281s] -- Detecting C compiler ABI info - done
[0.291s] -- Check for working C compiler: /usr/bin/cc - skipped
[0.291s] -- Detecting C compile features
[0.292s] -- Detecting C compile features - done
[0.301s] -- Detecting CXX compiler ABI info
[0.351s] -- Detecting CXX compiler ABI info - done
[0.361s] -- Check for working CXX compiler: /usr/bin/c++ - skipped
[0.361s] -- Detecting CXX compile features
[0.362s] -- Detecting CXX compile features - done
[0.398s] -- Found ament_cmake: 1.3.12 (/opt/ros/humble/share/ament_cmake/cmake)
[0.485s] -- Found Python3: /usr/bin/python3 (found version "3.10.12") found components: Interpreter
[0.569s] -- Found rclpy: 3.3.19 (/opt/ros/humble/share/rclpy/cmake)
[0.571s] -- Found rosidl_default_generators: 1.2.0 (/opt/ros/humble/share/rosidl_default_generators/cmake)
[0.581s] -- Using all available rosidl_typesupport_c: rosidl_typesupport_fastrtps_c;rosidl_typesupport_introspection_c
[0.592s] -- Found rosidl_adapter: 3.1.8 (/opt/ros/humble/share/rosidl_adapter/cmake)
[0.652s] -- Using all available rosidl_typesupport_cpp: rosidl_typesupport_fastrtps_cpp;rosidl_typesupport_introspection_cpp
[0.695s] -- Found builtin_interfaces: 1.2.2 (/opt/ros/humble/share/builtin_interfaces/cmake)
[0.866s] [31mCMake Error at /opt/ros/humble/share/rosidl_cmake/cmake/rosidl_generate_interfaces.cmake:229 (message):
[0.866s]   Packages installing interfaces must include
[0.866s]   '<member_of_group>rosidl_interface_packages</member_of_group>' in their
[0.866s]   package.xml
[0.866s] Call Stack (most recent call first):
[0.866s]   CMakeLists.txt:9 (rosidl_generate_interfaces)
[0.866s] 
[0.867s] [0m
[0.867s] -- Configuring incomplete, errors occurred!
[0.872s] Invoked command in '/home/a/ros2_ws/build/capstone_vision' returned '1': CMAKE_PREFIX_PATH=/home/a/ros2_ws/install/capstone_vision:/opt/ros/humble:${CMAKE_PREFIX_PATH} /home/a/cmake-install/bin/cmake /home/a/ros2_ws/src/capstone_vision -DCMAKE_INSTALL_PREFIX=/home/a/ros2_ws/install/capstone_vision
